Analysis & Synthesis report for EECE_LAB3
Wed Oct 08 13:43:45 2014
Quartus II 64-Bit Version 13.0.1 Build 232 06/12/2013 Service Pack 1 SJ Web Edition


---------------------
; Table of Contents ;
---------------------
  1. Legal Notice
  2. Analysis & Synthesis Summary
  3. Analysis & Synthesis Settings
  4. Parallel Compilation
  5. Analysis & Synthesis Source Files Read
  6. Analysis & Synthesis Resource Usage Summary
  7. Analysis & Synthesis Resource Utilization by Entity
  8. State Machine - |BlackJack|FSM:F_SM|state
  9. Registers Removed During Synthesis
 10. Removed Registers Triggering Further Register Optimizations
 11. General Register Statistics
 12. Multiplexer Restructuring Statistics (Restructuring Performed)
 13. Elapsed Time Per Partition
 14. Analysis & Synthesis Messages



----------------
; Legal Notice ;
----------------
Copyright (C) 1991-2013 Altera Corporation
Your use of Altera Corporation's design tools, logic functions 
and other software and tools, and its AMPP partner logic 
functions, and any output files from any of the foregoing 
(including device programming or simulation files), and any 
associated documentation or information are expressly subject 
to the terms and conditions of the Altera Program License 
Subscription Agreement, Altera MegaCore Function License 
Agreement, or other applicable license agreement, including, 
without limitation, that your use is for the sole purpose of 
programming logic devices manufactured by Altera and sold by 
Altera or its authorized distributors.  Please refer to the 
applicable agreement for further details.



+--------------------------------------------------------------------------------------+
; Analysis & Synthesis Summary                                                         ;
+------------------------------------+-------------------------------------------------+
; Analysis & Synthesis Status        ; Successful - Wed Oct 08 13:43:45 2014           ;
; Quartus II 64-Bit Version          ; 13.0.1 Build 232 06/12/2013 SP 1 SJ Web Edition ;
; Revision Name                      ; EECE_LAB3                                       ;
; Top-level Entity Name              ; BlackJack                                       ;
; Family                             ; Cyclone II                                      ;
; Total logic elements               ; 236                                             ;
;     Total combinational functions  ; 222                                             ;
;     Dedicated logic registers      ; 74                                              ;
; Total registers                    ; 74                                              ;
; Total pins                         ; 105                                             ;
; Total virtual pins                 ; 0                                               ;
; Total memory bits                  ; 0                                               ;
; Embedded Multiplier 9-bit elements ; 0                                               ;
; Total PLLs                         ; 0                                               ;
+------------------------------------+-------------------------------------------------+


+----------------------------------------------------------------------------------------------------------------------+
; Analysis & Synthesis Settings                                                                                        ;
+----------------------------------------------------------------------------+--------------------+--------------------+
; Option                                                                     ; Setting            ; Default Value      ;
+----------------------------------------------------------------------------+--------------------+--------------------+
; Device                                                                     ; EP2C35F672C6       ;                    ;
; Top-level entity name                                                      ; blackjack          ; EECE_LAB3          ;
; Family name                                                                ; Cyclone II         ; Cyclone IV GX      ;
; Use smart compilation                                                      ; Off                ; Off                ;
; Enable parallel Assembler and TimeQuest Timing Analyzer during compilation ; On                 ; On                 ;
; Enable compact report table                                                ; Off                ; Off                ;
; Restructure Multiplexers                                                   ; Auto               ; Auto               ;
; Create Debugging Nodes for IP Cores                                        ; Off                ; Off                ;
; Preserve fewer node names                                                  ; On                 ; On                 ;
; Disable OpenCore Plus hardware evaluation                                  ; Off                ; Off                ;
; Verilog Version                                                            ; Verilog_2001       ; Verilog_2001       ;
; VHDL Version                                                               ; VHDL_1993          ; VHDL_1993          ;
; State Machine Processing                                                   ; Auto               ; Auto               ;
; Safe State Machine                                                         ; Off                ; Off                ;
; Extract Verilog State Machines                                             ; On                 ; On                 ;
; Extract VHDL State Machines                                                ; On                 ; On                 ;
; Ignore Verilog initial constructs                                          ; Off                ; Off                ;
; Iteration limit for constant Verilog loops                                 ; 5000               ; 5000               ;
; Iteration limit for non-constant Verilog loops                             ; 250                ; 250                ;
; Add Pass-Through Logic to Inferred RAMs                                    ; On                 ; On                 ;
; Infer RAMs from Raw Logic                                                  ; On                 ; On                 ;
; Parallel Synthesis                                                         ; On                 ; On                 ;
; DSP Block Balancing                                                        ; Auto               ; Auto               ;
; NOT Gate Push-Back                                                         ; On                 ; On                 ;
; Power-Up Don't Care                                                        ; On                 ; On                 ;
; Remove Redundant Logic Cells                                               ; Off                ; Off                ;
; Remove Duplicate Registers                                                 ; On                 ; On                 ;
; Ignore CARRY Buffers                                                       ; Off                ; Off                ;
; Ignore CASCADE Buffers                                                     ; Off                ; Off                ;
; Ignore GLOBAL Buffers                                                      ; Off                ; Off                ;
; Ignore ROW GLOBAL Buffers                                                  ; Off                ; Off                ;
; Ignore LCELL Buffers                                                       ; Off                ; Off                ;
; Ignore SOFT Buffers                                                        ; On                 ; On                 ;
; Limit AHDL Integers to 32 Bits                                             ; Off                ; Off                ;
; Optimization Technique                                                     ; Balanced           ; Balanced           ;
; Carry Chain Length                                                         ; 70                 ; 70                 ;
; Auto Carry Chains                                                          ; On                 ; On                 ;
; Auto Open-Drain Pins                                                       ; On                 ; On                 ;
; Perform WYSIWYG Primitive Resynthesis                                      ; Off                ; Off                ;
; Auto ROM Replacement                                                       ; On                 ; On                 ;
; Auto RAM Replacement                                                       ; On                 ; On                 ;
; Auto Shift Register Replacement                                            ; Auto               ; Auto               ;
; Allow Shift Register Merging across Hierarchies                            ; Auto               ; Auto               ;
; Auto Clock Enable Replacement                                              ; On                 ; On                 ;
; Strict RAM Replacement                                                     ; Off                ; Off                ;
; Allow Synchronous Control Signals                                          ; On                 ; On                 ;
; Force Use of Synchronous Clear Signals                                     ; Off                ; Off                ;
; Auto RAM to Logic Cell Conversion                                          ; Off                ; Off                ;
; Auto Resource Sharing                                                      ; Off                ; Off                ;
; Allow Any RAM Size For Recognition                                         ; Off                ; Off                ;
; Allow Any ROM Size For Recognition                                         ; Off                ; Off                ;
; Allow Any Shift Register Size For Recognition                              ; Off                ; Off                ;
; Use LogicLock Constraints during Resource Balancing                        ; On                 ; On                 ;
; Ignore translate_off and synthesis_off directives                          ; Off                ; Off                ;
; Timing-Driven Synthesis                                                    ; Off                ; Off                ;
; Report Parameter Settings                                                  ; On                 ; On                 ;
; Report Source Assignments                                                  ; On                 ; On                 ;
; Report Connectivity Checks                                                 ; On                 ; On                 ;
; Ignore Maximum Fan-Out Assignments                                         ; Off                ; Off                ;
; Synchronization Register Chain Length                                      ; 2                  ; 2                  ;
; PowerPlay Power Optimization                                               ; Normal compilation ; Normal compilation ;
; HDL message level                                                          ; Level2             ; Level2             ;
; Suppress Register Optimization Related Messages                            ; Off                ; Off                ;
; Number of Removed Registers Reported in Synthesis Report                   ; 5000               ; 5000               ;
; Number of Swept Nodes Reported in Synthesis Report                         ; 5000               ; 5000               ;
; Number of Inverted Registers Reported in Synthesis Report                  ; 100                ; 100                ;
; Clock MUX Protection                                                       ; On                 ; On                 ;
; Auto Gated Clock Conversion                                                ; Off                ; Off                ;
; Block Design Naming                                                        ; Auto               ; Auto               ;
; SDC constraint protection                                                  ; Off                ; Off                ;
; Synthesis Effort                                                           ; Auto               ; Auto               ;
; Shift Register Replacement - Allow Asynchronous Clear Signal               ; On                 ; On                 ;
; Pre-Mapping Resynthesis Optimization                                       ; Off                ; Off                ;
; Analysis & Synthesis Message Level                                         ; Medium             ; Medium             ;
; Disable Register Merging Across Hierarchies                                ; Auto               ; Auto               ;
; Resource Aware Inference For Block RAM                                     ; On                 ; On                 ;
; Synthesis Seed                                                             ; 1                  ; 1                  ;
+----------------------------------------------------------------------------+--------------------+--------------------+


+------------------------------------------+
; Parallel Compilation                     ;
+----------------------------+-------------+
; Processors                 ; Number      ;
+----------------------------+-------------+
; Number detected on machine ; 4           ;
; Maximum allowed            ; 2           ;
;                            ;             ;
; Average used               ; 1.00        ;
; Maximum used               ; 1           ;
;                            ;             ;
; Usage by Processor         ; % Time Used ;
;     Processor 1            ; 100.0%      ;
;     Processors 2-4         ;   0.0%      ;
+----------------------------+-------------+


+-------------------------------------------------------------------------------------------------------------------------------------------------+
; Analysis & Synthesis Source Files Read                                                                                                          ;
+----------------------------------+-----------------+-----------------+----------------------------------------------------------------+---------+
; File Name with User-Entered Path ; Used in Netlist ; File Type       ; File Name with Absolute Path                                   ; Library ;
+----------------------------------+-----------------+-----------------+----------------------------------------------------------------+---------+
; scorehand.vhd                    ; yes             ; User VHDL File  ; C:/Users/Tullus Hostilus/Desktop/Lab 3 Blackjack/scorehand.vhd ;         ;
; dealhand.vhd                     ; yes             ; User VHDL File  ; C:/Users/Tullus Hostilus/Desktop/Lab 3 Blackjack/dealhand.vhd  ;         ;
; card7seg.vhd                     ; yes             ; User VHDL File  ; C:/Users/Tullus Hostilus/Desktop/Lab 3 Blackjack/card7seg.vhd  ;         ;
; blackjack.vhd                    ; yes             ; User VHDL File  ; C:/Users/Tullus Hostilus/Desktop/Lab 3 Blackjack/blackjack.vhd ;         ;
; FSM.vhd                          ; yes             ; User VHDL File  ; C:/Users/Tullus Hostilus/Desktop/Lab 3 Blackjack/FSM.vhd       ;         ;
; DataPath.vhd                     ; yes             ; User VHDL File  ; C:/Users/Tullus Hostilus/Desktop/Lab 3 Blackjack/DataPath.vhd  ;         ;
+----------------------------------+-----------------+-----------------+----------------------------------------------------------------+---------+


+--------------------------------------------------------+
; Analysis & Synthesis Resource Usage Summary            ;
+---------------------------------------------+----------+
; Resource                                    ; Usage    ;
+---------------------------------------------+----------+
; Estimated Total logic elements              ; 236      ;
;                                             ;          ;
; Total combinational functions               ; 222      ;
; Logic element usage by number of LUT inputs ;          ;
;     -- 4 input functions                    ; 124      ;
;     -- 3 input functions                    ; 45       ;
;     -- <=2 input functions                  ; 53       ;
;                                             ;          ;
; Logic elements by mode                      ;          ;
;     -- normal mode                          ; 198      ;
;     -- arithmetic mode                      ; 24       ;
;                                             ;          ;
; Total registers                             ; 74       ;
;     -- Dedicated logic registers            ; 74       ;
;     -- I/O registers                        ; 0        ;
;                                             ;          ;
; I/O pins                                    ; 105      ;
; Embedded Multiplier 9-bit elements          ; 0        ;
; Maximum fan-out node                        ; CLOCK_50 ;
; Maximum fan-out                             ; 74       ;
; Total fan-out                               ; 1053     ;
; Average fan-out                             ; 2.63     ;
+---------------------------------------------+----------+


+------------------------------------------------------------------------------------------------------------------------------------------------------------------------------------------------------------------------+
; Analysis & Synthesis Resource Utilization by Entity                                                                                                                                                                    ;
+-----------------------------------+-------------------+--------------+-------------+--------------+---------+-----------+------+--------------+---------------------------------------------------------+--------------+
; Compilation Hierarchy Node        ; LC Combinationals ; LC Registers ; Memory Bits ; DSP Elements ; DSP 9x9 ; DSP 18x18 ; Pins ; Virtual Pins ; Full Hierarchy Name                                     ; Library Name ;
+-----------------------------------+-------------------+--------------+-------------+--------------+---------+-----------+------+--------------+---------------------------------------------------------+--------------+
; |BlackJack                        ; 222 (0)           ; 74 (0)       ; 0           ; 0            ; 0       ; 0         ; 105  ; 0            ; |BlackJack                                              ; work         ;
;    |DataPath:Data_Path|           ; 140 (74)          ; 55 (47)      ; 0           ; 0            ; 0       ; 0         ; 0    ; 0            ; |BlackJack|DataPath:Data_Path                           ; work         ;
;       |dealHand:dealhand1|        ; 4 (4)             ; 8 (8)        ; 0           ; 0            ; 0       ; 0         ; 0    ; 0            ; |BlackJack|DataPath:Data_Path|dealHand:dealhand1        ; work         ;
;       |scorehand:dealerscorehand| ; 31 (31)           ; 0 (0)        ; 0           ; 0            ; 0       ; 0         ; 0    ; 0            ; |BlackJack|DataPath:Data_Path|scorehand:dealerscorehand ; work         ;
;       |scorehand:playerscorehand| ; 31 (31)           ; 0 (0)        ; 0           ; 0            ; 0       ; 0         ; 0    ; 0            ; |BlackJack|DataPath:Data_Path|scorehand:playerscorehand ; work         ;
;    |FSM:F_SM|                     ; 26 (26)           ; 19 (19)      ; 0           ; 0            ; 0       ; 0         ; 0    ; 0            ; |BlackJack|FSM:F_SM                                     ; work         ;
;    |card7seg:dealerCard_1|        ; 7 (7)             ; 0 (0)        ; 0           ; 0            ; 0       ; 0         ; 0    ; 0            ; |BlackJack|card7seg:dealerCard_1                        ; work         ;
;    |card7seg:dealerCard_2|        ; 7 (7)             ; 0 (0)        ; 0           ; 0            ; 0       ; 0         ; 0    ; 0            ; |BlackJack|card7seg:dealerCard_2                        ; work         ;
;    |card7seg:dealerCard_3|        ; 7 (7)             ; 0 (0)        ; 0           ; 0            ; 0       ; 0         ; 0    ; 0            ; |BlackJack|card7seg:dealerCard_3                        ; work         ;
;    |card7seg:dealerCard_4|        ; 7 (7)             ; 0 (0)        ; 0           ; 0            ; 0       ; 0         ; 0    ; 0            ; |BlackJack|card7seg:dealerCard_4                        ; work         ;
;    |card7seg:playerCard_1|        ; 7 (7)             ; 0 (0)        ; 0           ; 0            ; 0       ; 0         ; 0    ; 0            ; |BlackJack|card7seg:playerCard_1                        ; work         ;
;    |card7seg:playerCard_2|        ; 7 (7)             ; 0 (0)        ; 0           ; 0            ; 0       ; 0         ; 0    ; 0            ; |BlackJack|card7seg:playerCard_2                        ; work         ;
;    |card7seg:playerCard_3|        ; 7 (7)             ; 0 (0)        ; 0           ; 0            ; 0       ; 0         ; 0    ; 0            ; |BlackJack|card7seg:playerCard_3                        ; work         ;
;    |card7seg:playerCard_4|        ; 7 (7)             ; 0 (0)        ; 0           ; 0            ; 0       ; 0         ; 0    ; 0            ; |BlackJack|card7seg:playerCard_4                        ; work         ;
+-----------------------------------+-------------------+--------------+-------------+--------------+---------+-----------+------+--------------+---------------------------------------------------------+--------------+
Note: For table entries with two numbers listed, the numbers in parentheses indicate the number of resources of the given type used by the specific entity alone. The numbers listed outside of parentheses indicate the total resources of the given type used by the specific entity and all of its sub-entities in the hierarchy.


Encoding Type:  One-Hot
+------------------------------------------------------------------------------------------------------------------------------------------------------------------------------+
; State Machine - |BlackJack|FSM:F_SM|state                                                                                                                                    ;
+------------------+---------------+-----------------+-----------------+--------------+------------------+------------------+------------------+-----------------+-------------+
; Name             ; state.EndGame ; state.PlayerWin ; state.DealerWin ; state.Winner ; state.DealerTurn ; state.PlayerTurn ; state.SecondDeal ; state.FirstDeal ; state.Start ;
+------------------+---------------+-----------------+-----------------+--------------+------------------+------------------+------------------+-----------------+-------------+
; state.Start      ; 0             ; 0               ; 0               ; 0            ; 0                ; 0                ; 0                ; 0               ; 0           ;
; state.FirstDeal  ; 0             ; 0               ; 0               ; 0            ; 0                ; 0                ; 0                ; 1               ; 1           ;
; state.SecondDeal ; 0             ; 0               ; 0               ; 0            ; 0                ; 0                ; 1                ; 0               ; 1           ;
; state.PlayerTurn ; 0             ; 0               ; 0               ; 0            ; 0                ; 1                ; 0                ; 0               ; 1           ;
; state.DealerTurn ; 0             ; 0               ; 0               ; 0            ; 1                ; 0                ; 0                ; 0               ; 1           ;
; state.Winner     ; 0             ; 0               ; 0               ; 1            ; 0                ; 0                ; 0                ; 0               ; 1           ;
; state.DealerWin  ; 0             ; 0               ; 1               ; 0            ; 0                ; 0                ; 0                ; 0               ; 1           ;
; state.PlayerWin  ; 0             ; 1               ; 0               ; 0            ; 0                ; 0                ; 0                ; 0               ; 1           ;
; state.EndGame    ; 1             ; 0               ; 0               ; 0            ; 0                ; 0                ; 0                ; 0               ; 1           ;
+------------------+---------------+-----------------+-----------------+--------------+------------------+------------------+------------------+-----------------+-------------+


+--------------------------------------------------------------------------------+
; Registers Removed During Synthesis                                             ;
+---------------------------------------+----------------------------------------+
; Register name                         ; Reason for Removal                     ;
+---------------------------------------+----------------------------------------+
; FSM:F_SM|state.FirstDeal              ; Lost fanout                            ;
; FSM:F_SM|state.SecondDeal             ; Lost fanout                            ;
; FSM:F_SM|state.DealerWin              ; Stuck at GND due to stuck port data_in ;
; FSM:F_SM|state.Winner                 ; Lost fanout                            ;
; FSM:F_SM|state.PlayerWin              ; Lost fanout                            ;
; FSM:F_SM|state.EndGame                ; Lost fanout                            ;
; Total Number of Removed Registers = 6 ;                                        ;
+---------------------------------------+----------------------------------------+


+--------------------------------------------------------------------------------------------------------------------------------+
; Removed Registers Triggering Further Register Optimizations                                                                    ;
+--------------------------+---------------------------+-------------------------------------------------------------------------+
; Register name            ; Reason for Removal        ; Registers Removed due to This Register                                  ;
+--------------------------+---------------------------+-------------------------------------------------------------------------+
; FSM:F_SM|state.DealerWin ; Stuck at GND              ; FSM:F_SM|state.Winner, FSM:F_SM|state.PlayerWin, FSM:F_SM|state.EndGame ;
;                          ; due to stuck port data_in ;                                                                         ;
+--------------------------+---------------------------+-------------------------------------------------------------------------+


+------------------------------------------------------+
; General Register Statistics                          ;
+----------------------------------------------+-------+
; Statistic                                    ; Value ;
+----------------------------------------------+-------+
; Total registers                              ; 74    ;
; Number of registers using Synchronous Clear  ; 0     ;
; Number of registers using Synchronous Load   ; 0     ;
; Number of registers using Asynchronous Clear ; 57    ;
; Number of registers using Asynchronous Load  ; 0     ;
; Number of registers using Clock Enable       ; 58    ;
; Number of registers using Preset             ; 0     ;
+----------------------------------------------+-------+


+------------------------------------------------------------------------------------------------------------------------------------------------------------+
; Multiplexer Restructuring Statistics (Restructuring Performed)                                                                                             ;
+--------------------+-----------+---------------+----------------------+------------------------+------------+----------------------------------------------+
; Multiplexer Inputs ; Bus Width ; Baseline Area ; Area if Restructured ; Saving if Restructured ; Registered ; Example Multiplexer Output                   ;
+--------------------+-----------+---------------+----------------------+------------------------+------------+----------------------------------------------+
; 5:1                ; 3 bits    ; 9 LEs         ; 0 LEs                ; 9 LEs                  ; Yes        ; |BlackJack|FSM:F_SM|pcard[1]                 ;
; 5:1                ; 3 bits    ; 9 LEs         ; 0 LEs                ; 9 LEs                  ; Yes        ; |BlackJack|FSM:F_SM|dcard[1]                 ;
; 8:1                ; 4 bits    ; 20 LEs        ; 4 LEs                ; 16 LEs                 ; Yes        ; |BlackJack|DataPath:Data_Path|dealerhand[3]  ;
; 8:1                ; 4 bits    ; 20 LEs        ; 4 LEs                ; 16 LEs                 ; Yes        ; |BlackJack|DataPath:Data_Path|playerhand[3]  ;
; 7:1                ; 4 bits    ; 16 LEs        ; 4 LEs                ; 12 LEs                 ; Yes        ; |BlackJack|DataPath:Data_Path|dealerhand[6]  ;
; 7:1                ; 4 bits    ; 16 LEs        ; 4 LEs                ; 12 LEs                 ; Yes        ; |BlackJack|DataPath:Data_Path|dealerhand[15] ;
; 7:1                ; 4 bits    ; 16 LEs        ; 4 LEs                ; 12 LEs                 ; Yes        ; |BlackJack|DataPath:Data_Path|dealerhand[9]  ;
; 7:1                ; 4 bits    ; 16 LEs        ; 4 LEs                ; 12 LEs                 ; Yes        ; |BlackJack|DataPath:Data_Path|playerhand[4]  ;
; 7:1                ; 4 bits    ; 16 LEs        ; 4 LEs                ; 12 LEs                 ; Yes        ; |BlackJack|DataPath:Data_Path|playerhand[15] ;
; 7:1                ; 4 bits    ; 16 LEs        ; 4 LEs                ; 12 LEs                 ; Yes        ; |BlackJack|DataPath:Data_Path|playerhand[11] ;
+--------------------+-----------+---------------+----------------------+------------------------+------------+----------------------------------------------+


+-------------------------------+
; Elapsed Time Per Partition    ;
+----------------+--------------+
; Partition Name ; Elapsed Time ;
+----------------+--------------+
; Top            ; 00:00:00     ;
+----------------+--------------+


+-------------------------------+
; Analysis & Synthesis Messages ;
+-------------------------------+
Info: *******************************************************************
Info: Running Quartus II 64-Bit Analysis & Synthesis
    Info: Version 13.0.1 Build 232 06/12/2013 Service Pack 1 SJ Web Edition
    Info: Processing started: Wed Oct 08 13:43:42 2014
Info: Command: quartus_map --read_settings_files=on --write_settings_files=off EECE_LAB3 -c EECE_LAB3
Info (11104): Parallel Compilation has detected 4 hyper-threaded processors. However, the extra hyper-threaded processors will not be used by default. Parallel Compilation will use 2 of the 2 physical processors detected instead.
Info (12021): Found 2 design units, including 1 entities, in source file scorehand.vhd
    Info (12022): Found design unit 1: scorehand-scorehand_behavioural
    Info (12023): Found entity 1: scorehand
Info (12021): Found 2 design units, including 1 entities, in source file dealhand.vhd
    Info (12022): Found design unit 1: dealhand-dealHand_behavioural
    Info (12023): Found entity 1: dealHand
Info (12021): Found 2 design units, including 1 entities, in source file card7seg.vhd
    Info (12022): Found design unit 1: card7seg-card7seg_behavioural
    Info (12023): Found entity 1: card7seg
Info (12021): Found 2 design units, including 1 entities, in source file blackjack.vhd
    Info (12022): Found design unit 1: BlackJack-Behavioural
    Info (12023): Found entity 1: BlackJack
Info (12021): Found 2 design units, including 1 entities, in source file fsm.vhd
    Info (12022): Found design unit 1: FSM-Behavioural
    Info (12023): Found entity 1: FSM
Info (12021): Found 2 design units, including 1 entities, in source file datapath.vhd
    Info (12022): Found design unit 1: DataPath-Behavioural
    Info (12023): Found entity 1: DataPath
Info (12127): Elaborating entity "blackjack" for the top level hierarchy
Info (12128): Elaborating entity "card7seg" for hierarchy "card7seg:playerCard_1"
Info (12128): Elaborating entity "DataPath" for hierarchy "DataPath:Data_Path"
Info (12128): Elaborating entity "dealHand" for hierarchy "DataPath:Data_Path|dealHand:dealhand1"
Info (12128): Elaborating entity "scorehand" for hierarchy "DataPath:Data_Path|scorehand:playerscorehand"
Warning (10631): VHDL Process Statement warning at scorehand.vhd(15): inferring latch(es) for signal or variable "c1", which holds its previous value in one or more paths through the process
Warning (10631): VHDL Process Statement warning at scorehand.vhd(15): inferring latch(es) for signal or variable "c2", which holds its previous value in one or more paths through the process
Warning (10631): VHDL Process Statement warning at scorehand.vhd(15): inferring latch(es) for signal or variable "c3", which holds its previous value in one or more paths through the process
Warning (10631): VHDL Process Statement warning at scorehand.vhd(15): inferring latch(es) for signal or variable "c4", which holds its previous value in one or more paths through the process
Info (10041): Inferred latch for "c4[4]" at scorehand.vhd(81)
Info (10041): Inferred latch for "c4[5]" at scorehand.vhd(81)
Info (10041): Inferred latch for "c3[4]" at scorehand.vhd(76)
Info (10041): Inferred latch for "c3[5]" at scorehand.vhd(76)
Info (10041): Inferred latch for "c2[4]" at scorehand.vhd(71)
Info (10041): Inferred latch for "c2[5]" at scorehand.vhd(71)
Info (10041): Inferred latch for "c1[4]" at scorehand.vhd(66)
Info (10041): Inferred latch for "c1[5]" at scorehand.vhd(66)
Info (12128): Elaborating entity "FSM" for hierarchy "FSM:F_SM"
Warning (10873): Using initial value X (don't care) for net "redLEDs[17..8]" at FSM.vhd(21)
Warning (10873): Using initial value X (don't care) for net "redLEDs[4..0]" at FSM.vhd(21)
Warning (10873): Using initial value X (don't care) for net "greenLEDs[4..0]" at FSM.vhd(22)
Warning (13024): Output pins are stuck at VCC or GND
    Warning (13410): Pin "LEDR[0]" is stuck at GND
    Warning (13410): Pin "LEDR[1]" is stuck at GND
    Warning (13410): Pin "LEDR[2]" is stuck at GND
    Warning (13410): Pin "LEDR[3]" is stuck at GND
    Warning (13410): Pin "LEDR[4]" is stuck at GND
    Warning (13410): Pin "LEDR[8]" is stuck at GND
    Warning (13410): Pin "LEDR[9]" is stuck at GND
    Warning (13410): Pin "LEDR[10]" is stuck at GND
    Warning (13410): Pin "LEDR[11]" is stuck at GND
    Warning (13410): Pin "LEDR[12]" is stuck at GND
    Warning (13410): Pin "LEDR[13]" is stuck at GND
    Warning (13410): Pin "LEDR[14]" is stuck at GND
    Warning (13410): Pin "LEDR[15]" is stuck at GND
    Warning (13410): Pin "LEDR[16]" is stuck at GND
    Warning (13410): Pin "LEDR[17]" is stuck at GND
    Warning (13410): Pin "LEDG[0]" is stuck at GND
    Warning (13410): Pin "LEDG[1]" is stuck at GND
    Warning (13410): Pin "LEDG[2]" is stuck at GND
    Warning (13410): Pin "LEDG[3]" is stuck at GND
    Warning (13410): Pin "LEDG[4]" is stuck at GND
Info (17049): 5 registers lost all their fanouts during netlist optimizations.
Info (16010): Generating hard_block partition "hard_block:auto_generated_inst"
    Info (16011): Adding 0 node(s), including 0 DDIO, 0 PLL, 0 transceiver and 0 LCELL
Warning (21074): Design contains 19 input pin(s) that do not drive logic
    Warning (15610): No output dependent on input pin "SW[1]"
    Warning (15610): No output dependent on input pin "SW[2]"
    Warning (15610): No output dependent on input pin "SW[3]"
    Warning (15610): No output dependent on input pin "SW[4]"
    Warning (15610): No output dependent on input pin "SW[5]"
    Warning (15610): No output dependent on input pin "SW[6]"
    Warning (15610): No output dependent on input pin "SW[7]"
    Warning (15610): No output dependent on input pin "SW[8]"
    Warning (15610): No output dependent on input pin "SW[9]"
    Warning (15610): No output dependent on input pin "SW[10]"
    Warning (15610): No output dependent on input pin "SW[11]"
    Warning (15610): No output dependent on input pin "SW[12]"
    Warning (15610): No output dependent on input pin "SW[13]"
    Warning (15610): No output dependent on input pin "SW[14]"
    Warning (15610): No output dependent on input pin "SW[15]"
    Warning (15610): No output dependent on input pin "SW[16]"
    Warning (15610): No output dependent on input pin "SW[17]"
    Warning (15610): No output dependent on input pin "KEY[1]"
    Warning (15610): No output dependent on input pin "KEY[2]"
Info (21057): Implemented 343 device resources after synthesis - the final resource count might be different
    Info (21058): Implemented 23 input pins
    Info (21059): Implemented 82 output pins
    Info (21061): Implemented 238 logic cells
Info: Quartus II 64-Bit Analysis & Synthesis was successful. 0 errors, 48 warnings
    Info: Peak virtual memory: 500 megabytes
    Info: Processing ended: Wed Oct 08 13:43:45 2014
    Info: Elapsed time: 00:00:03
    Info: Total CPU time (on all processors): 00:00:03


